exports[`AnalysisEditComponent should render properly 1`] = `
<div>
  <br />
  <PageHeader
    bsClass="page-header"
    style={
      Object {
        "paddingLeft": 20
      }
    }>
    Registrer analyse
  </PageHeader>
  <Col
    bsClass="col"
    componentClass="div"
    md={12}>
    <strong>
      Registrert:
    </strong>
     
    <FontAwesome
      name="user" />
     
     
    <FontAwesome
      name="clock-o" />
     
  </Col>
  <Col
    bsClass="col"
    componentClass="div"
    md={12}>
    <strong>
      Sist endret:
    </strong>
     
    <FontAwesome
      name="user" />
     
     
    <FontAwesome
      name="clock-o" />
     
  </Col>
  <NewLine />
  <Form
    bsClass="form"
    componentClass="form"
    horizontal={true}
    inline={false}
    style={
      Object {
        "paddingLeft": 10
      }
    }>
    <FormGroup
      bsClass="form-group">
      <LabelFormat
        label="Type analyse"
        md={1} />
      <Col
        bsClass="col"
        componentClass="div"
        md={11} />
    </FormGroup>
    <FormGroup
      bsClass="form-group">
      <LabelFormat
        label="Analysested"
        md={1} />
      <Col
        bsClass="col"
        componentClass="div"
        md={2}>
        <FormControl
          bsClass="form-control"
          componentClass="select"
          placeholder="Velg sted">
          <option
            value="Velgsted">
            Velg sted
          </option>
          <option
            value="other">
            ...
          </option>
        </FormControl>
      </Col>
    </FormGroup>
  </Form>
  <Form
    bsClass="form"
    componentClass="form"
    horizontal={false}
    inline={false}>
    <FormGroup
      bsClass="form-group">
      <FieldGroup
        id="formControlsText"
        label="saksnummer"
        md={1}
        onChange={[Function anonymous]}
        type="text"
        value="" />
    </FormGroup>
    <FormGroup
      bsClass="form-group">
      <AddButton
        id="1"
        label="Legg til saksnummer"
        md={5}
        mdOffset={0} />
    </FormGroup>
  </Form>
  <NewLine />
  <Form
    bsClass="form"
    componentClass="form"
    horizontal={true}
    inline={false}
    style={
      Object {
        "paddingLeft": 10
      }
    }>
    <FormGroup
      bsClass="form-group"
      controlId="note"
      validationState={null}>
      <LabelFormat
        label="Kommentar til analysen"
        md={1} />
      <Col
        bsClass="col"
        componentClass="div"
        md={5}>
        <FormControl
          bsClass="form-control"
          className="note"
          componentClass="textarea"
          onChange={[Function anonymous]}
          placeholder="note"
          value="test note" />
      </Col>
    </FormGroup>
    <FormGroup
      bsClass="form-group">
      <Col
        bsClass="col"
        componentClass="div"
        md={12}>
        <h5>
          <b>
            Personer tilknyttet analysen
          </b>
        </h5>
      </Col>
    </FormGroup>
    <FormGroup
      bsClass="form-group">
      <FieldGroup
        id="responsible"
        label="Navn"
        md={1}
        onChange={[Function anonymous]}
        placeholder="Fornavn Etternavn"
        type="text"
        value="" />
      <LabelFormat
        label="Rolle"
        md={1} />
      <Col
        bsClass="col"
        componentClass="div"
        md={1}>
        <FormControl
          bsClass="form-control"
          componentClass="select"
          placeholder="Velg rolle">
          <option
            value="Velgsted">
            Velg rolle
          </option>
          <option
            value="other">
            ...
          </option>
        </FormControl>
      </Col>
      <AddButton
        id="3"
        label="Legg til person"
        md={2}
        mdOffset={0} />
    </FormGroup>
  </Form>
  <NewLine />
  <Well
    bsClass="well">
    <Form
      bsClass="form"
      componentClass="form"
      horizontal={true}
      inline={false}>
      <FormGroup
        bsClass="form-group">
        <Col
          bsClass="col"
          componentClass="div"
          md={1}>
          <h5>
            <strong>
              Objekt/pr√∏ve
            </strong>
          </h5>
        </Col>
      </FormGroup>
      <FormGroup
        bsClass="form-group">
        <Col
          bsClass="col"
          componentClass="div"
          md={11}
          mdOffset={1}>
          <Table
            bordered={false}
            bsClass="table"
            condensed={false}
            hover={false}
            responsive={true}
            striped={false}>
            <thead>
              <tr>
                <th>
                  Museumsnr
                </th>
                <th>
                  Unr
                </th>
                <th>
                  Term/artsnavn
                </th>
              </tr>
            </thead>
            <tbody>
              <tr>
                <td />
                <td />
                <td />
              </tr>
            </tbody>
          </Table>
        </Col>
      </FormGroup>
      <FormGroup
        bsClass="form-group">
        <AddButton
          id="2"
          label="Legg til objekt"
          md={11}
          mdOffset={1} />
      </FormGroup>
      <FormGroup
        bsClass="form-group">
        <FieldGroup
          id="formControlsText"
          label="Ekstern kilde"
          md={1}
          onChange={[Function anonymous]}
          placeholder="http://www.lenke.no"
          type="text"
          value="" />
        <Col
          bsClass="col"
          componentClass="div"
          md={2}>
          <Button
            active={false}
            block={false}
            bsClass="btn"
            bsStyle="default"
            disabled={false}>
            Lagre
          </Button>
        </Col>
      </FormGroup>
      <FormGroup
        bsClass="form-group">
        <FieldGroup
          id="formControlsText"
          label="Ladt opp fil"
          md={1}
          type="text" />
        <Col
          bsClass="col"
          componentClass="div"
          md={2}>
          <Button
            active={false}
            block={false}
            bsClass="btn"
            bsStyle="default"
            disabled={false}>
            Bla gjennom
          </Button>
        </Col>
      </FormGroup>
      <FormGroup
        bsClass="form-group">
        <LabelFormat
          label="Kommentar / resultat"
          md={1} />
        <Col
          bsClass="col"
          componentClass="div"
          md={5}>
          <FormControl
            bsClass="form-control"
            componentClass="textarea"
            onChange={[Function anonymous]}
            placeholder=""
            value="" />
        </Col>
      </FormGroup>
      <FormGroup
        bsClass="form-group">
        <LabelFormat
          label="Klausulering"
          md={1} />
        <Col
          bsClass="col"
          componentClass="div"
          md={5}>
          <Radio
            bsClass="radio"
            checked={false}
            disabled={false}
            inline={true}
            name="finalize"
            onChange={[Function anonymous]}>
            Ja
          </Radio>
          <Radio
            bsClass="radio"
            checked={true}
            disabled={false}
            inline={true}
            name="finalize"
            onChange={[Function anonymous]}>
            Nei
          </Radio>
        </Col>
      </FormGroup>
    </Form>
  </Well>
  <SaveCancel
    onClickSave={[Function onClickSave]} />
</div>
`;
