exports[`AnalysisAddComponent should render properly 1`] = `
<div>
  <br />
  <PageHeader
    bsClass="page-header"
    style={
      Object {
        "paddingLeft": 20
      }
    }>
    Registrer analyse
  </PageHeader>
  <Col
    bsClass="col"
    componentClass="div"
    md={12}>
    <strong>
      HID:
    </strong>
     
  </Col>
  <Col
    bsClass="col"
    componentClass="div"
    md={12}>
    <strong>
      Registrert:
    </strong>
     
    <FontAwesome
      name="user" />
     
     
    <FontAwesome
      name="clock-o" />
     
  </Col>
  <Col
    bsClass="col"
    componentClass="div"
    md={12}>
    <strong>
      Sist endret:
    </strong>
     
    <FontAwesome
      name="user" />
     
     
    <FontAwesome
      name="clock-o" />
     
     
    <Button
      active={false}
      block={false}
      bsClass="btn"
      bsStyle="link"
      disabled={false}>
      Se endringshistorikk
    </Button>
  </Col>
  <NewLine />
  <Form
    bsClass="form"
    componentClass="form"
    horizontal={false}
    inline={false}>
    <FormGroup
      bsClass="form-group">
      <FieldGroup
        id="formControlsText"
        label="Saksnummer"
        md={1}
        onChange={[Function anonymous]}
        type="text"
        value={Array []} />
    </FormGroup>
    <FormGroup
      bsClass="form-group">
      <AddButton
        id="1"
        label="Legg til saksnummer"
        md={5}
        mdOffset={0} />
    </FormGroup>
  </Form>
  <NewLine />
  <Form
    bsClass="form"
    componentClass="form"
    horizontal={false}
    inline={true}>
    <Col
      bsClass="col"
      componentClass="div"
      md={12}>
      <h5>
        <strong>
          Objekt/prøve
        </strong>
      </h5>
    </Col>
    <Col
      bsClass="col"
      componentClass="div"
      md={5}
      mdOffset={1}>
      <Table
        className="table"
        columns={
          Array [
            Object {
              "key": "museumNo",
              "label": "Museumsnr"
            },
            Object {
              "key": "subNo",
              "label": "Unr"
            },
            Object {
              "key": "term",
              "label": "Term/artsnavn"
            }
          ]
        }
        data={Array []}
        defaultSort={false}
        defaultSortDescending={false}
        filterBy=""
        hideFilterInput={false}
        itemsPerPage={0}
        noDataText="Ingen objekter"
        sortBy={false}
        sortable={
          Array [
            "museumNumber",
            "subNumber",
            "term"
          ]
        } />
    </Col>
    <AddButton
      id="2"
      label="Legg til objekt"
      md={11}
      mdOffset={1} />
  </Form>
  <NewLine />
  <Form
    bsClass="form"
    componentClass="form"
    horizontal={true}
    inline={false}
    style={
      Object {
        "paddingLeft": 20
      }
    }>
    <FormGroup
      bsClass="form-group">
      <Col
        bsClass="col"
        componentClass="div"
        md={12}>
        <h5>
          <strong>
            Personer tilknyttet analysen
          </strong>
        </h5>
      </Col>
    </FormGroup>
    <FormGroup
      bsClass="form-group">
      <FieldGroup
        id="responsible"
        label="Navn"
        md={1}
        onChange={[Function anonymous]}
        placeholder="Fornavn Etternavn"
        type="text"
        value="" />
      <LabelFormat
        label="Rolle"
        md={1} />
      <Col
        bsClass="col"
        componentClass="div"
        md={1}>
        <FormControl
          bsClass="form-control"
          componentClass="select"
          placeholder="Velg rolle">
          <option
            value="Velgsted">
            Velg rolle
          </option>
          <option
            value="other">
            ...
          </option>
        </FormControl>
      </Col>
      <AddButton
        id="3"
        label="Legg til person"
        md={2}
        mdOffset={0} />
    </FormGroup>
  </Form>
  <NewLine />
  <FormGroup
    bsClass="form-group">
    <LabelFormat
      label="Analysested"
      md={1} />
    <Col
      bsClass="col"
      componentClass="div"
      md={2}>
      <FormControl
        bsClass="form-control"
        componentClass="select"
        placeholder="Velg sted">
        <option
          value="Velgsted">
          Velg sted
        </option>
        <option
          value="other">
          ...
        </option>
      </FormControl>
    </Col>
  </FormGroup>
  <NewLine />
  <Well
    bsClass="well">
    <Form
      bsClass="form"
      componentClass="form"
      horizontal={true}
      inline={false}>
      <FormGroup
        bsClass="form-group">
        <LabelFormat
          label="Type analyse"
          md={1} />
        <Col
          bsClass="col"
          componentClass="div"
          md={2}>
          <FormControl
            bsClass="form-control"
            componentClass="select"
            onChange={[Function anonymous]}
            placeholder="Velg kategori">
            <option>
              Velg kategori
            </option>
            <option
              value="1bbf15cb-8348-4e66-99a4-bc314da57a42">
              3D-skanning, laser
            </option>
            <option
              value="b39399ab-aabd-4ebc-903b-adcf6876a364">
              3D-skanning, strukturert lys
            </option>
          </FormControl>
        </Col>
      </FormGroup>
      <FormGroup
        bsClass="form-group">
        <FieldGroup
          id="formControlsText"
          label="Ekstern kilde"
          md={1}
          onChange={[Function anonymous]}
          placeholder="http://www.lenke.no"
          type="text"
          value="" />
        <Col
          bsClass="col"
          componentClass="div"
          md={2}>
          <Button
            active={false}
            block={false}
            bsClass="btn"
            bsStyle="default"
            disabled={false}>
            Lagre
          </Button>
        </Col>
      </FormGroup>
      <FormGroup
        bsClass="form-group">
        <FieldGroup
          id="formControlsText"
          label="Last opp fil"
          md={1}
          type="text" />
        <Col
          bsClass="col"
          componentClass="div"
          md={2}>
          <Button
            active={false}
            block={false}
            bsClass="btn"
            bsStyle="default"
            disabled={false}>
            Bla gjennom
          </Button>
        </Col>
      </FormGroup>
      <FormGroup
        bsClass="form-group">
        <LabelFormat
          label="Kommentar / resultat"
          md={1} />
        <Col
          bsClass="col"
          componentClass="div"
          md={5}>
          <FormControl
            bsClass="form-control"
            componentClass="textarea"
            onChange={[Function anonymous]}
            placeholder=""
            value="" />
        </Col>
      </FormGroup>
      <FormGroup
        bsClass="form-group">
        <LabelFormat
          label="Klausulering"
          md={1} />
        <Col
          bsClass="col"
          componentClass="div"
          md={5}>
          <Radio
            bsClass="radio"
            disabled={false}
            inline={true}
            name="restrictions"
            onClick={[Function anonymous]}>
            Ja
          </Radio>
          <Radio
            bsClass="radio"
            defaultChecked={false}
            disabled={false}
            inline={true}
            name="restrictions"
            onClick={[Function anonymous]}>
            Nei
          </Radio>
        </Col>
      </FormGroup>
      <FormGroup
        bsClass="form-group">
        <Panel
          bsClass="panel"
          bsStyle="default"
          collapsible={true}
          defaultExpanded={false}
          expanded={true}
          style={
            Object {
              "backgroundColor": "#f5f5f5",
              "border": "none"
            }
          }>
          <FormGroup
            bsClass="form-group">
            <FieldGroup
              id="navn"
              label="Klausulert for"
              md={1}
              onChange={[Function anonymous]}
              placeholder="Fornavn Etternavn"
              type="text"
              value="" />
          </FormGroup>
          <FormGroup
            bsClass="form-group">
            <FieldGroup
              id="navn"
              label="Årsak til klausulering"
              md={1}
              onChange={[Function anonymous]}
              type="text"
              value="" />
          </FormGroup>
          <FormGroup
            bsClass="form-group">
            <FieldGroup
              id="Saksnummer"
              label="Saksnummer"
              md={1}
              onChange={[Function anonymous]}
              type="text"
              value={Array []} />
          </FormGroup>
          <FormGroup
            bsClass="form-group">
            <AddButton
              id="3"
              label="Legg til flere saksnummer"
              md={11}
              mdOffset={1} />
          </FormGroup>
          <FormGroup
            bsClass="form-group">
            <FieldGroup
              id="navn"
              label="Sluttdato"
              md={1}
              readOnly={true}
              type="text"
              value="" />
          </FormGroup>
          <FormGroup
            bsClass="form-group">
            <FieldGroup
              id="navn"
              label="Opphevet av"
              md={1}
              onChange={[Function anonymous]}
              placeholder="Fornavn Etternavn"
              type="text"
              value="" />
          </FormGroup>
          <FormGroup
            bsClass="form-group">
            <FieldGroup
              id="navn"
              label="Årsak til oppheving"
              md={1}
              onChange={[Function anonymous]}
              placeholder=""
              type="text"
              value="" />
          </FormGroup>
        </Panel>
      </FormGroup>
    </Form>
  </Well>
  <Form
    bsClass="form"
    componentClass="form"
    horizontal={true}
    inline={false}
    style={
      Object {
        "paddingLeft": 20
      }
    }>
    <FormGroup
      bsClass="form-group"
      controlId="note"
      validationState={null}>
      <LabelFormat
        label="Kommentar til analysen"
        md={1} />
      <Col
        bsClass="col"
        componentClass="div"
        md={5}>
        <FormControl
          bsClass="form-control"
          className="note"
          componentClass="textarea"
          onChange={[Function anonymous]}
          placeholder="note"
          value="test note" />
      </Col>
    </FormGroup>
    <FormGroup
      bsClass="form-group">
      <LabelFormat
        label="Avslutt analyse"
        md={1} />
      <Col
        bsClass="col"
        componentClass="div"
        md={5}>
        <Radio
          bsClass="radio"
          disabled={false}
          inline={true}
          readOnly={true}>
          Ja
        </Radio>
        <Radio
          bsClass="radio"
          checked={true}
          disabled={false}
          inline={true}
          readOnly={true}>
          Nei
        </Radio>
      </Col>
    </FormGroup>
  </Form>
  <NewLine />
  <SaveCancel
    onClickSave={[Function onClickSave]} />
  <NewLine />
  <Form
    bsClass="form"
    componentClass="form"
    horizontal={true}
    inline={false}>
    <FormGroup
      bsClass="form-group">
      <Col
        bsClass="col"
        componentClass="div"
        mdOffset={1}>
        <h5>
          <strong>
            Endringshistorikk
          </strong>
        </h5>
      </Col>
    </FormGroup>
    <FormGroup
      bsClass="form-group">
      <Col
        bsClass="col"
        componentClass="div"
        mdOffset={1}>
         - 
      </Col>
    </FormGroup>
    <FormGroup
      bsClass="form-group">
      <Col
        bsClass="col"
        componentClass="div"
        mdOffset={1}>
         - 
      </Col>
    </FormGroup>
    <FormGroup
      bsClass="form-group">
      <Col
        bsClass="col"
        componentClass="div"
        mdOffset={1}>
        <Button
          active={false}
          block={false}
          bsClass="btn"
          bsStyle="link"
          disabled={false}>
          Se mer
        </Button>
      </Col>
    </FormGroup>
  </Form>
</div>
`;
