exports[`parseUTCDate should accept full iso timestamp 1`] = `"2016-09-07T00:56:00.000Z"`;
