// Jest Snapshot v1, https://goo.gl/fbAQLP

exports[`ObservationControlGrid Check the 1st row Date value 1`] = `
<ObservationControlGrid
  id="1"
  showControl={[Function]}
  showObservation={[Function]}
  tableData={
    Array [
      Object {
        "doneBy": "Blablabla...",
        "doneDate": "2017-01-01T09:42:52+00:00",
        "eventType": "control",
        "id": 1,
        "lightingCondition": Object {
          "ok": true,
        },
        "registeredBy": "Blabla...",
        "registeredDate": "2017-01-04T09:42:57+00:00",
      },
      Object {
        "doneBy": undefined,
        "doneDate": "2017-01-01T09:42:52+00:00",
        "eventType": "control",
        "id": 1,
        "registeredBy": "Blabla...",
        "registeredDate": "2017-01-04T09:42:57+00:00",
        "temperature": Object {
          "ok": true,
        },
      },
      Object {
        "doneBy": "Blablabla...",
        "doneDate": "2017-01-01T09:42:52+00:00",
        "eventType": "control",
        "hypoxicAir": Object {
          "ok": true,
        },
        "id": 1,
        "registeredBy": "Blabla...",
        "registeredDate": "2017-01-04T09:42:57+00:00",
      },
      Object {
        "doneBy": "Blablabla...",
        "doneDate": "2017-01-01T09:42:52+00:00",
        "eventType": "control",
        "id": 1,
        "registeredBy": "Blabla...",
        "registeredDate": "2017-01-04T09:42:57+00:00",
        "relativeHumidity": Object {
          "ok": true,
        },
      },
      Object {
        "cleaning": Object {
          "ok": true,
        },
        "doneBy": "Blablabla...",
        "doneDate": "2017-01-01T09:42:52+00:00",
        "eventType": "control",
        "id": 1,
        "registeredBy": "Blabla...",
        "registeredDate": "2017-01-04T09:42:57+00:00",
      },
      Object {
        "doneBy": "Blablabla...",
        "doneDate": "2017-01-01T09:42:52+00:00",
        "eventType": "control",
        "id": 1,
        "mold": Object {
          "ok": true,
        },
        "registeredBy": "Blabla...",
        "registeredDate": "2017-01-04T09:42:57+00:00",
      },
      Object {
        "alcohol": Object {
          "ok": true,
        },
        "doneBy": "Blablabla...",
        "doneDate": "2017-01-01T09:42:52+00:00",
        "eventType": "control",
        "id": 1,
        "registeredBy": "Blabla...",
        "registeredDate": "2017-01-04T09:42:57+00:00",
      },
      Object {
        "doneBy": "Blablabla...",
        "doneDate": "2017-01-01T09:42:52+00:00",
        "eventType": "control",
        "gas": Object {
          "ok": true,
        },
        "id": 1,
        "registeredBy": "Blabla...",
        "registeredDate": "2017-01-04T09:42:57+00:00",
      },
      Object {
        "doneBy": "Blablabla...",
        "doneDate": "2017-01-01T09:42:52+00:00",
        "eventType": "control",
        "id": 1,
        "registeredBy": "Blabla...",
        "registeredDate": "2017-01-04T09:42:57+00:00",
        "waterDamageAssessment": Object {
          "ok": true,
        },
      },
      Object {
        "doneBy": "Blablabla...",
        "doneDate": "2017-01-01T09:42:52+00:00",
        "eventType": "control",
        "fireProtection": Object {
          "ok": true,
        },
        "id": 1,
        "registeredBy": "Blabla...",
        "registeredDate": "2017-01-04T09:42:57+00:00",
      },
      Object {
        "doneBy": "Blablabla...",
        "doneDate": "2017-01-01T09:42:52+00:00",
        "eventType": "control",
        "id": 1,
        "registeredBy": "Blabla...",
        "registeredDate": "2017-01-04T09:42:57+00:00",
        "theftProtection": Object {
          "ok": true,
        },
      },
      Object {
        "doneBy": "Blablabla...",
        "doneDate": "2017-01-01T09:42:52+00:00",
        "eventType": "control",
        "id": 1,
        "perimeterSecurity": Object {
          "ok": true,
        },
        "registeredBy": "Blabla...",
        "registeredDate": "2017-01-04T09:42:57+00:00",
      },
      Object {
        "doneBy": "Blablabla...",
        "doneDate": "2017-01-01T09:42:52+00:00",
        "eventType": "control",
        "id": 1,
        "pest": Object {
          "ok": true,
        },
        "registeredBy": "Blabla...",
        "registeredDate": "2017-01-04T09:42:57+00:00",
      },
    ]
  }
  translate={[Function]}
>
  <FormGroup
    bsClass="form-group"
  >
    <div
      className="form-group"
    >
      <div>
        <Table
          bordered={false}
          bsClass="table"
          condensed={true}
          hover={true}
          responsive={true}
          striped={false}
        >
          <div
            className="table-responsive"
          >
            <table
              className="table table-condensed table-hover"
            >
              <thead>
                <tr>
                  <th />
                  <th>
                    Dato
                  </th>
                  <th>
                    Typer
                  </th>
                  <th>
                    Utf√∏rt av
                  </th>
                  <th>
                    Reg. dato
                  </th>
                  <th>
                    Reg. av
                  </th>
                </tr>
              </thead>
              <tbody>
                <tr
                  id="1_2017-01-01T09:42:52+00:00"
                  key="0"
                  onClick={[Function]}
                  style={
                    Object {
                      "cursor": "pointer",
                    }
                  }
                >
                  <td
                    id="1_2017-01-01T09:42:52+00:00_type"
                  >
                    <div
                      className="icon icon-musitcontrolicon"
                      title="Kontroll"
                    />
                  </td>
                  <td
                    id="1_2017-01-01T09:42:52+00:00_date"
                  >
                    01.01.2017
                  </td>
                  <td
                    id="1_2017-01-01T09:42:52+00:00_types"
                  >
                    <span
                      className="icon icon-musitlightingcondicon"
                      key="6"
                      style={
                        Object {
                          "color": "darkgray",
                          "padding": "2px",
                        }
                      }
                      title="Lysforhold"
                    />
                  </td>
                  <td
                    id="1_2017-01-01T09:42:52+00:00_doneBy"
                  >
                    Blablabla...
                  </td>
                  <td
                    id="1_2017-01-01T09:42:52+00:00_registeredDate"
                  >
                    04.01.2017
                  </td>
                  <td
                    id="1_2017-01-01T09:42:52+00:00_registeredBy"
                  >
                    Blabla...
                  </td>
                </tr>
                <tr
                  id="1_2017-01-01T09:42:52+00:00"
                  key="1"
                  onClick={[Function]}
                  style={
                    Object {
                      "cursor": "pointer",
                    }
                  }
                >
                  <td
                    id="1_2017-01-01T09:42:52+00:00_type"
                  >
                    <div
                      className="icon icon-musitcontrolicon"
                      title="Kontroll"
                    />
                  </td>
                  <td
                    id="1_2017-01-01T09:42:52+00:00_date"
                  >
                    01.01.2017
                  </td>
                  <td
                    id="1_2017-01-01T09:42:52+00:00_types"
                  >
                    <span
                      className="icon icon-musittemperatureicon"
                      key="6"
                      style={
                        Object {
                          "color": "darkgray",
                          "padding": "2px",
                        }
                      }
                      title="Temperatur"
                    />
                  </td>
                  <td
                    id="1_2017-01-01T09:42:52+00:00_doneBy"
                  />
                  <td
                    id="1_2017-01-01T09:42:52+00:00_registeredDate"
                  >
                    04.01.2017
                  </td>
                  <td
                    id="1_2017-01-01T09:42:52+00:00_registeredBy"
                  >
                    Blabla...
                  </td>
                </tr>
                <tr
                  id="1_2017-01-01T09:42:52+00:00"
                  key="2"
                  onClick={[Function]}
                  style={
                    Object {
                      "cursor": "pointer",
                    }
                  }
                >
                  <td
                    id="1_2017-01-01T09:42:52+00:00_type"
                  >
                    <div
                      className="icon icon-musitcontrolicon"
                      title="Kontroll"
                    />
                  </td>
                  <td
                    id="1_2017-01-01T09:42:52+00:00_date"
                  >
                    01.01.2017
                  </td>
                  <td
                    id="1_2017-01-01T09:42:52+00:00_types"
                  >
                    <span
                      className="icon icon-musithypoxicairicon"
                      key="6"
                      style={
                        Object {
                          "color": "darkgray",
                          "padding": "2px",
                        }
                      }
                      title="Inertluft"
                    />
                  </td>
                  <td
                    id="1_2017-01-01T09:42:52+00:00_doneBy"
                  >
                    Blablabla...
                  </td>
                  <td
                    id="1_2017-01-01T09:42:52+00:00_registeredDate"
                  >
                    04.01.2017
                  </td>
                  <td
                    id="1_2017-01-01T09:42:52+00:00_registeredBy"
                  >
                    Blabla...
                  </td>
                </tr>
                <tr
                  id="1_2017-01-01T09:42:52+00:00"
                  key="3"
                  onClick={[Function]}
                  style={
                    Object {
                      "cursor": "pointer",
                    }
                  }
                >
                  <td
                    id="1_2017-01-01T09:42:52+00:00_type"
                  >
                    <div
                      className="icon icon-musitcontrolicon"
                      title="Kontroll"
                    />
                  </td>
                  <td
                    id="1_2017-01-01T09:42:52+00:00_date"
                  >
                    01.01.2017
                  </td>
                  <td
                    id="1_2017-01-01T09:42:52+00:00_types"
                  >
                    <span
                      className="icon icon-musitrelhumidityicon"
                      key="6"
                      style={
                        Object {
                          "color": "darkgray",
                          "padding": "2px",
                        }
                      }
                      title="Relativ luftfuktighet"
                    />
                  </td>
                  <td
                    id="1_2017-01-01T09:42:52+00:00_doneBy"
                  >
                    Blablabla...
                  </td>
                  <td
                    id="1_2017-01-01T09:42:52+00:00_registeredDate"
                  >
                    04.01.2017
                  </td>
                  <td
                    id="1_2017-01-01T09:42:52+00:00_registeredBy"
                  >
                    Blabla...
                  </td>
                </tr>
                <tr
                  id="1_2017-01-01T09:42:52+00:00"
                  key="4"
                  onClick={[Function]}
                  style={
                    Object {
                      "cursor": "pointer",
                    }
                  }
                >
                  <td
                    id="1_2017-01-01T09:42:52+00:00_type"
                  >
                    <div
                      className="icon icon-musitcontrolicon"
                      title="Kontroll"
                    />
                  </td>
                  <td
                    id="1_2017-01-01T09:42:52+00:00_date"
                  >
                    01.01.2017
                  </td>
                  <td
                    id="1_2017-01-01T09:42:52+00:00_types"
                  >
                    <span
                      className="icon icon-musitcleaningicon"
                      key="6"
                      style={
                        Object {
                          "color": "darkgray",
                          "padding": "2px",
                        }
                      }
                      title="Renhold"
                    />
                  </td>
                  <td
                    id="1_2017-01-01T09:42:52+00:00_doneBy"
                  >
                    Blablabla...
                  </td>
                  <td
                    id="1_2017-01-01T09:42:52+00:00_registeredDate"
                  >
                    04.01.2017
                  </td>
                  <td
                    id="1_2017-01-01T09:42:52+00:00_registeredBy"
                  >
                    Blabla...
                  </td>
                </tr>
                <tr
                  id="1_2017-01-01T09:42:52+00:00"
                  key="5"
                  onClick={[Function]}
                  style={
                    Object {
                      "cursor": "pointer",
                    }
                  }
                >
                  <td
                    id="1_2017-01-01T09:42:52+00:00_type"
                  >
                    <div
                      className="icon icon-musitcontrolicon"
                      title="Kontroll"
                    />
                  </td>
                  <td
                    id="1_2017-01-01T09:42:52+00:00_date"
                  >
                    01.01.2017
                  </td>
                  <td
                    id="1_2017-01-01T09:42:52+00:00_types"
                  >
                    <span
                      className="icon icon-musitmoldicon"
                      key="6"
                      style={
                        Object {
                          "color": "darkgray",
                          "padding": "2px",
                        }
                      }
                      title="Mugg"
                    />
                  </td>
                  <td
                    id="1_2017-01-01T09:42:52+00:00_doneBy"
                  >
                    Blablabla...
                  </td>
                  <td
                    id="1_2017-01-01T09:42:52+00:00_registeredDate"
                  >
                    04.01.2017
                  </td>
                  <td
                    id="1_2017-01-01T09:42:52+00:00_registeredBy"
                  >
                    Blabla...
                  </td>
                </tr>
                <tr
                  id="1_2017-01-01T09:42:52+00:00"
                  key="6"
                  onClick={[Function]}
                  style={
                    Object {
                      "cursor": "pointer",
                    }
                  }
                >
                  <td
                    id="1_2017-01-01T09:42:52+00:00_type"
                  >
                    <div
                      className="icon icon-musitcontrolicon"
                      title="Kontroll"
                    />
                  </td>
                  <td
                    id="1_2017-01-01T09:42:52+00:00_date"
                  >
                    01.01.2017
                  </td>
                  <td
                    id="1_2017-01-01T09:42:52+00:00_types"
                  >
                    <span
                      className="icon icon-musitalcoholicon"
                      key="6"
                      style={
                        Object {
                          "color": "darkgray",
                          "padding": "2px",
                        }
                      }
                      title="Sprit"
                    />
                  </td>
                  <td
                    id="1_2017-01-01T09:42:52+00:00_doneBy"
                  >
                    Blablabla...
                  </td>
                  <td
                    id="1_2017-01-01T09:42:52+00:00_registeredDate"
                  >
                    04.01.2017
                  </td>
                  <td
                    id="1_2017-01-01T09:42:52+00:00_registeredBy"
                  >
                    Blabla...
                  </td>
                </tr>
                <tr
                  id="1_2017-01-01T09:42:52+00:00"
                  key="7"
                  onClick={[Function]}
                  style={
                    Object {
                      "cursor": "pointer",
                    }
                  }
                >
                  <td
                    id="1_2017-01-01T09:42:52+00:00_type"
                  >
                    <div
                      className="icon icon-musitcontrolicon"
                      title="Kontroll"
                    />
                  </td>
                  <td
                    id="1_2017-01-01T09:42:52+00:00_date"
                  >
                    01.01.2017
                  </td>
                  <td
                    id="1_2017-01-01T09:42:52+00:00_types"
                  >
                    <span
                      className="icon icon-musitgasicon"
                      key="6"
                      style={
                        Object {
                          "color": "darkgray",
                          "padding": "2px",
                        }
                      }
                      title="Gass"
                    />
                  </td>
                  <td
                    id="1_2017-01-01T09:42:52+00:00_doneBy"
                  >
                    Blablabla...
                  </td>
                  <td
                    id="1_2017-01-01T09:42:52+00:00_registeredDate"
                  >
                    04.01.2017
                  </td>
                  <td
                    id="1_2017-01-01T09:42:52+00:00_registeredBy"
                  >
                    Blabla...
                  </td>
                </tr>
                <tr
                  id="1_2017-01-01T09:42:52+00:00"
                  key="8"
                  onClick={[Function]}
                  style={
                    Object {
                      "cursor": "pointer",
                    }
                  }
                >
                  <td
                    id="1_2017-01-01T09:42:52+00:00_type"
                  >
                    <div
                      className="icon icon-musitcontrolicon"
                      title="Kontroll"
                    />
                  </td>
                  <td
                    id="1_2017-01-01T09:42:52+00:00_date"
                  >
                    01.01.2017
                  </td>
                  <td
                    id="1_2017-01-01T09:42:52+00:00_types"
                  >
                    <span
                      className="icon icon-musitwaterdamageicon"
                      key="6"
                      style={
                        Object {
                          "color": "darkgray",
                          "padding": "2px",
                        }
                      }
                      title="Vannskaderisiko"
                    />
                  </td>
                  <td
                    id="1_2017-01-01T09:42:52+00:00_doneBy"
                  >
                    Blablabla...
                  </td>
                  <td
                    id="1_2017-01-01T09:42:52+00:00_registeredDate"
                  >
                    04.01.2017
                  </td>
                  <td
                    id="1_2017-01-01T09:42:52+00:00_registeredBy"
                  >
                    Blabla...
                  </td>
                </tr>
                <tr
                  id="1_2017-01-01T09:42:52+00:00"
                  key="9"
                  onClick={[Function]}
                  style={
                    Object {
                      "cursor": "pointer",
                    }
                  }
                >
                  <td
                    id="1_2017-01-01T09:42:52+00:00_type"
                  >
                    <div
                      className="icon icon-musitcontrolicon"
                      title="Kontroll"
                    />
                  </td>
                  <td
                    id="1_2017-01-01T09:42:52+00:00_date"
                  >
                    01.01.2017
                  </td>
                  <td
                    id="1_2017-01-01T09:42:52+00:00_types"
                  >
                    <span
                      className="icon icon-musitfireprotectionicon"
                      key="6"
                      style={
                        Object {
                          "color": "darkgray",
                          "padding": "2px",
                        }
                      }
                      title="Brannsikring"
                    />
                  </td>
                  <td
                    id="1_2017-01-01T09:42:52+00:00_doneBy"
                  >
                    Blablabla...
                  </td>
                  <td
                    id="1_2017-01-01T09:42:52+00:00_registeredDate"
                  >
                    04.01.2017
                  </td>
                  <td
                    id="1_2017-01-01T09:42:52+00:00_registeredBy"
                  >
                    Blabla...
                  </td>
                </tr>
                <tr
                  id="1_2017-01-01T09:42:52+00:00"
                  key="10"
                  onClick={[Function]}
                  style={
                    Object {
                      "cursor": "pointer",
                    }
                  }
                >
                  <td
                    id="1_2017-01-01T09:42:52+00:00_type"
                  >
                    <div
                      className="icon icon-musitcontrolicon"
                      title="Kontroll"
                    />
                  </td>
                  <td
                    id="1_2017-01-01T09:42:52+00:00_date"
                  >
                    01.01.2017
                  </td>
                  <td
                    id="1_2017-01-01T09:42:52+00:00_types"
                  >
                    <span
                      className="icon icon-musittheftprotectionicon"
                      key="6"
                      style={
                        Object {
                          "color": "darkgray",
                          "padding": "2px",
                        }
                      }
                      title="Tyverisikring"
                    />
                  </td>
                  <td
                    id="1_2017-01-01T09:42:52+00:00_doneBy"
                  >
                    Blablabla...
                  </td>
                  <td
                    id="1_2017-01-01T09:42:52+00:00_registeredDate"
                  >
                    04.01.2017
                  </td>
                  <td
                    id="1_2017-01-01T09:42:52+00:00_registeredBy"
                  >
                    Blabla...
                  </td>
                </tr>
                <tr
                  id="1_2017-01-01T09:42:52+00:00"
                  key="11"
                  onClick={[Function]}
                  style={
                    Object {
                      "cursor": "pointer",
                    }
                  }
                >
                  <td
                    id="1_2017-01-01T09:42:52+00:00_type"
                  >
                    <div
                      className="icon icon-musitcontrolicon"
                      title="Kontroll"
                    />
                  </td>
                  <td
                    id="1_2017-01-01T09:42:52+00:00_date"
                  >
                    01.01.2017
                  </td>
                  <td
                    id="1_2017-01-01T09:42:52+00:00_types"
                  >
                    <span
                      className="icon icon-musitperimetersecurityicon"
                      key="6"
                      style={
                        Object {
                          "color": "darkgray",
                          "padding": "2px",
                        }
                      }
                      title="Skallsikring"
                    />
                  </td>
                  <td
                    id="1_2017-01-01T09:42:52+00:00_doneBy"
                  >
                    Blablabla...
                  </td>
                  <td
                    id="1_2017-01-01T09:42:52+00:00_registeredDate"
                  >
                    04.01.2017
                  </td>
                  <td
                    id="1_2017-01-01T09:42:52+00:00_registeredBy"
                  >
                    Blabla...
                  </td>
                </tr>
                <tr
                  id="1_2017-01-01T09:42:52+00:00"
                  key="12"
                  onClick={[Function]}
                  style={
                    Object {
                      "cursor": "pointer",
                    }
                  }
                >
                  <td
                    id="1_2017-01-01T09:42:52+00:00_type"
                  >
                    <div
                      className="icon icon-musitcontrolicon"
                      title="Kontroll"
                    />
                  </td>
                  <td
                    id="1_2017-01-01T09:42:52+00:00_date"
                  >
                    01.01.2017
                  </td>
                  <td
                    id="1_2017-01-01T09:42:52+00:00_types"
                  >
                    <span
                      className="icon icon-musitpesticon"
                      key="6"
                      style={
                        Object {
                          "color": "darkgray",
                          "padding": "2px",
                        }
                      }
                      title="Skadedyr"
                    />
                  </td>
                  <td
                    id="1_2017-01-01T09:42:52+00:00_doneBy"
                  >
                    Blablabla...
                  </td>
                  <td
                    id="1_2017-01-01T09:42:52+00:00_registeredDate"
                  >
                    04.01.2017
                  </td>
                  <td
                    id="1_2017-01-01T09:42:52+00:00_registeredBy"
                  >
                    Blabla...
                  </td>
                </tr>
              </tbody>
            </table>
          </div>
        </Table>
      </div>
    </div>
  </FormGroup>
</ObservationControlGrid>
`;
