exports[`AppComponent remders 1`] = `
<div>
  <Uncontrolled(Navbar)
    bsStyle="default"
    fixedTop={true}
    style={
      Object {
        "zIndex": 1
      }
    }>
    <NavbarHeader>
      <NavbarBrand>
        <IndexLink
          activeStyle={
            Object {
              "color": "#33e0ff"
            }
          }
          to="/about">
          <div
            className="brand">
            <img
              alt="logo"
              height="40"
              src="test-file-stub" />
          </div>
          <span>
            MUSIT
          </span>
        </IndexLink>
      </NavbarBrand>
      <NavbarToggle />
    </NavbarHeader>
    <NavbarCollapse>
      <Nav
        bsClass="nav"
        justified={false}
        navbar={true}
        pullLeft={false}
        pullRight={false}
        stacked={false}>
        <LinkContainer
          action="push"
          onlyActiveOnIndex={false}
          to="/museum/99/collections/00000000-0000-0000-0000-000000000000/magasin">
          <NavItem
            active={false}
            disabled={false}>
            Magasin
          </NavItem>
        </LinkContainer>
        <NavDropdown
          id="analysis-dropdown"
          title="Analyse">
          <LinkContainer
            action="push"
            onlyActiveOnIndex={false}
            to="/museum/99/collections/00000000-0000-0000-0000-000000000000/analysis/add">
            <MenuItem
              bsClass="dropdown"
              disabled={false}
              divider={false}
              header={false}>
              Registrer analyse
            </MenuItem>
          </LinkContainer>
          <LinkContainer
            action="push"
            onlyActiveOnIndex={false}
            to="/museum/99/collections/00000000-0000-0000-0000-000000000000/analysis/sample/undefined/add">
            <MenuItem
              bsClass="dropdown"
              disabled={false}
              divider={false}
              header={false}>
              Registrer pr√∏veuttak
            </MenuItem>
          </LinkContainer>
        </NavDropdown>
        <LinkContainer
          action="push"
          onlyActiveOnIndex={false}
          to="/museum/99/collections/00000000-0000-0000-0000-000000000000/reports">
          <NavItem
            active={false}
            disabled={false}>
            Rapporter
          </NavItem>
        </LinkContainer>
        <LinkContainer
          action="push"
          onlyActiveOnIndex={false}
          to="/museum/99/collections/00000000-0000-0000-0000-000000000000/administration">
          <NavItem
            active={false}
            disabled={false}>
            Administrasjon
          </NavItem>
        </LinkContainer>
      </Nav>
      <Nav
        bsClass="nav"
        justified={false}
        pullLeft={false}
        pullRight={true}
        stacked={false}>
        <LinkContainer
          action="push"
          onlyActiveOnIndex={false}
          to="/museum/99/collections/00000000-0000-0000-0000-000000000000/picklist/nodes">
          <NavItem
            active={false}
            disabled={false}>
            <span
              className="icon icon-musitpicklistnode" />
             
            1
          </NavItem>
        </LinkContainer>
        <LinkContainer
          action="push"
          onlyActiveOnIndex={false}
          to="/museum/99/collections/00000000-0000-0000-0000-000000000000/picklist/objects">
          <NavItem
            active={false}
            disabled={false}>
            <span
              className="icon icon-musitpicklistobject" />
             
            2
          </NavItem>
        </LinkContainer>
        <LinkContainer
          action="push"
          onlyActiveOnIndex={false}
          to="/museum/99/collections/00000000-0000-0000-0000-000000000000/search/objects">
          <NavItem
            active={false}
            disabled={false}>
            <FontAwesome
              name="search"
              style={
                Object {
                  "fontSize": "1.3em",
                  "height": 25
                }
              } />
          </NavItem>
        </LinkContainer>
        <MusitUserAccount
          actor={
            Object {
              "dataportenId": "1234",
              "fn": "Jarl"
            }
          }
          groups={Array []}
          handleCollectionId={[Function bound handleCollectionId]}
          handleLanguage={[Function bound handleLanguage]}
          handleLogout={[Function bound handleLogout]}
          handleMuseumId={[Function bound handleMuseumId]}
          rootNode={undefined}
          selectedCollectionId="00000000-0000-0000-0000-000000000000"
          selectedMuseumId={99}
          token="1234" />
      </Nav>
    </NavbarCollapse>
  </Uncontrolled(Navbar)>
  <div
    className="appContent">
    <span>
      Yay
    </span>
  </div>
  <footer
    className="footer version well">
    Backend build: 
    <a
      href="https://gitlab.com/MUSIT-Norway/musit/commit/813e993f1d1bdaa7b60daa66d75e1957de4c6e2b"
      target="_blank">
      813e993f1d1bdaa7b60daa66d75e1957de4c6e2b
    </a>
     - Client build: 
    LOCAL_DEVELOPMENT
  </footer>
</div>
`;
