// Jest Snapshot v1, https://goo.gl/fbAQLP

exports[`NavigateToObject should render component 1`] = `
<button
  className="btn btn-link "
  onClick={[Function]}
  type="button"
>
  <strong>
     GÃ¥ til objektet
  </strong>
</button>
`;
