// Jest Snapshot v1, https://goo.gl/fbAQLP

exports[`SamplesForObject should display correctly 1`] = `
<div>
  <h1>
    Prøver for objekt
  </h1>
  <br />
  <Well
    bsClass="well"
  >
    <b>
      Objektinfo
    </b>
    <br />
    <br />
    <Row
      bsClass="row"
      componentClass="div"
    >
      <Col
        bsClass="col"
        componentClass="div"
        md={2}
      >
        <b>
          MusNo:
        </b>
      </Col>
      <Col
        bsClass="col"
        componentClass="div"
        md={2}
      >
        <b>
          SubNo: 
        </b>
        A1
      </Col>
      <Col
        bsClass="col"
        componentClass="div"
        md={3}
      >
        <b>
          Term/Species: 
        </b>
        Carex
      </Col>
    </Row>
  </Well>
  <br />
  <Table
    className="table"
    columns={
      Array [
        Object {
          "key": "id",
          "label": "Sample ID",
        },
        Object {
          "key": "doneDate",
          "label": "Utført Dato",
        },
        Object {
          "key": "sampleType",
          "label": "Prøvetype",
        },
        Object {
          "key": "sampleSubType",
          "label": "Prøveundertype",
        },
        Object {
          "key": "status",
          "label": "Status",
        },
        Object {
          "key": "hasAnalyse",
          "label": "Analyse",
        },
        Object {
          "key": "showInfo",
          "label": "Vis detaljer",
        },
      ]
    }
    defaultSort={false}
    defaultSortDescending={false}
    filterBy=""
    hideFilterInput={false}
    itemsPerPage={0}
    noDataText="Ingen prøver funnet på objektet"
    sortBy={false}
    sortable={
      Array [
        "id",
        "doneDate",
      ]
    }
  >
    <Tr>
      <Td
        column="id"
      />
      <Td
        column="doneDate"
      >
        1991-11-11
      </Td>
      <Td
        column="sampleType"
      >
        Frø
      </Td>
      <Td
        column="sampleSubType"
      >
        Rogn
      </Td>
      <Td
        column="status"
      >
        2
      </Td>
      <Td
        column="hasAnalyse"
      />
      <Td
        column="showInfo"
      >
        <a
          href="en url"
        >
          Se mer / Rediger
        </a>
      </Td>
    </Tr>
    <Tr>
      <Td
        column="id"
      />
      <Td
        column="doneDate"
      >
        1991-11-12
      </Td>
      <Td
        column="sampleType"
      >
        Vev
      </Td>
      <Td
        column="sampleSubType"
      >
        Blod
      </Td>
      <Td
        column="status"
      >
        1
      </Td>
      <Td
        column="hasAnalyse"
      />
      <Td
        column="showInfo"
      >
        <a
          href="en url"
        >
          Se mer / Rediger
        </a>
      </Td>
    </Tr>
    <Tr>
      <Td
        column="id"
      />
      <Td
        column="doneDate"
      >
        2011-11-11
      </Td>
      <Td
        column="sampleType"
      >
        Tekstil
      </Td>
      <Td
        column="sampleSubType"
      >
        Bomull
      </Td>
      <Td
        column="status"
      >
        2
      </Td>
      <Td
        column="hasAnalyse"
      />
      <Td
        column="showInfo"
      >
        <a
          href="en url"
        >
          Se mer / Rediger
        </a>
      </Td>
    </Tr>
  </Table>
</div>
`;
