exports[`AnalysisSampleFormPageAdd should display correctly 1`] = `<Injected />`;
