exports[`ObjectSearchComponent should display object 1 1`] = `1`;
