// Jest Snapshot v1, https://goo.gl/fbAQLP

exports[`CancelRestriction should render cancel reason and cancelledByName 1`] = `
<div>
  <FormElement
    elementWidth={10}
    hasError={true}
    id="restrictedBy"
    label="Opphevet av"
    labelWidth={2}
  >
    <StatefulActorSuggest
      appSession={
        Object {
          "accessToken": "45667",
          "actor": Object {
            "fn": "Test",
          },
          "collectionId": "1234",
          "language": Object {
            "isEn": false,
            "isNo": true,
          },
          "museumId": 99,
          "rolesForModules": Object {
            "collectionManagementRead": true,
            "collectionManagementWrite": true,
            "documentArchiveRead": true,
            "documentArchiveWrite": true,
            "storageFacilityAdmin": true,
            "storageFacilityRead": true,
            "storageFacilityWrite": true,
          },
        }
      }
      id="restrictedBy"
      onChange={[Function]}
      value="Dummy userrr"
    />
  </FormElement>
  <FormElement
    elementWidth={10}
    hasError={true}
    id="cancelCause"
    label="Ã…rsak til oppheving"
    labelWidth={2}
  >
    <input
      className="form-control"
      id="cancelCause"
      onChange={[Function]}
      value="Cancel thizz"
    />
  </FormElement>
</div>
`;
