// Jest Snapshot v1, https://goo.gl/fbAQLP

exports[`ConservationViewComponent should render properly 1`] = `
<div
  className="container"
>
  <div
    className="page-header"
  >
    <button
      className="btn btn-default pull-right"
    >
      Endre
    </button>
    <h1>
      Bruk og bevaring
    </h1>
  </div>
  <form
    className="form-horizontal"
  >
    <MetaInformation
      registeredBy={null}
      registeredDate={null}
      updatedBy={null}
      updatedDate={null}
    />
    <hr />
    <div
      className="form-group"
    >
      <label
        className="control-label col-md-2"
        htmlFor="caseNumber"
      >
        Saksnummer:
      </label>
      <div
        className="col-md-10"
      >
        <p
          className="form-control-static"
          id="caseNumber"
        />
      </div>
    </div>
    <hr />
    <div
      className="form-group"
    >
      <label
        className="control-label col-md-2"
        htmlFor="note"
      >
        Kommentar:
      </label>
      <div
        className="col-md-10"
      >
        <p
          className="form-control-static"
          id="note"
        />
      </div>
    </div>
    <hr />
    <div
      className="form-group"
    >
      <div
        className="col-md-12 col-md-offset-0"
      >
        <label
          className="control-label"
        >
          Personer tilknyttet bruk og bevaring
        </label>
      </div>
    </div>
    <Component
      getDisplayNameForRole={[Function]}
      personData={Array []}
    />
    <hr />
    <div
      className="well"
    >
      <div
        className="form-group"
      >
        <label
          className="col-md-12"
          htmlFor="objects"
        >
          Objekter/pr√∏ver
        </label>
      </div>
      <div
        className="form-group"
      >
        <div
          className="col-md-12 col-md-offset-0"
        >
          <ExpandableObjectTable
            appSession={
              Object {
                "accessToken": "123",
                "actor": Object {
                  "fn": "Rituvesh Kumar",
                },
                "buildInfo": Object {
                  "buildInfoBuildNumber": "31",
                  "builtAtMillis": "1511169267488",
                  "builtAtString": "2017-11-20 09:14:27.488",
                  "commitSha": "not built on CI",
                  "name": "service_auth",
                  "sbtVersion": "0.13.16",
                  "scalaVersion": "2.11.8",
                  "version": "0.1-SNAPSHOT",
                },
                "collectionId": "00000000-0000-0000-0000-000000000000",
                "groups": Array [
                  Object {
                    "collections": Array [
                      Object {
                        "name": "All",
                        "uuid": "00000000-0000-0000-0000-000000000000",
                      },
                    ],
                    "id": 99,
                    "museumId": 99,
                    "museumName": "Test",
                    "permission": 10000,
                    "shortName": "Test",
                  },
                  Object {
                    "collections": Array [
                      Object {
                        "name": "All",
                        "uuid": "00000000-0000-0000-0000-000000000000",
                      },
                    ],
                    "id": 7,
                    "museumId": 7,
                    "museumName": "Kmn",
                    "permission": 10000,
                    "shortName": "Kmn",
                  },
                  Object {
                    "collections": Array [
                      Object {
                        "name": "All",
                        "uuid": "00000000-0000-0000-0000-000000000000",
                      },
                    ],
                    "id": 6,
                    "museumId": 6,
                    "museumName": "Tmu",
                    "permission": 10000,
                    "shortName": "Tmu",
                  },
                  Object {
                    "collections": Array [
                      Object {
                        "name": "All",
                        "uuid": "00000000-0000-0000-0000-000000000000",
                      },
                    ],
                    "id": 5,
                    "museumId": 5,
                    "museumName": "Vm",
                    "permission": 10000,
                    "shortName": "Vm",
                  },
                  Object {
                    "collections": Array [
                      Object {
                        "name": "All",
                        "uuid": "00000000-0000-0000-0000-000000000000",
                      },
                    ],
                    "id": 4,
                    "museumId": 4,
                    "museumName": "Nhm",
                    "permission": 10000,
                    "shortName": "Nhm",
                  },
                  Object {
                    "collections": Array [
                      Object {
                        "name": "All",
                        "uuid": "00000000-0000-0000-0000-000000000000",
                      },
                    ],
                    "id": 3,
                    "museumId": 3,
                    "museumName": "Khm",
                    "permission": 10000,
                    "shortName": "Khm",
                  },
                  Object {
                    "collections": Array [
                      Object {
                        "name": "All",
                        "uuid": "00000000-0000-0000-0000-000000000000",
                      },
                    ],
                    "id": 2,
                    "museumId": 2,
                    "museumName": "Um",
                    "permission": 10000,
                    "shortName": "Um",
                  },
                  Object {
                    "collections": Array [
                      Object {
                        "name": "All",
                        "uuid": "00000000-0000-0000-0000-000000000000",
                      },
                    ],
                    "id": 1,
                    "museumId": 1,
                    "museumName": "Am",
                    "permission": 10000,
                    "shortName": "Am",
                  },
                ],
                "language": Object {
                  "isEn": true,
                  "isNo": false,
                },
                "museumId": 99,
              }
            }
            data={
              Array [
                Object {
                  "collection": 1,
                  "coordinates": Array [],
                  "id": 28,
                  "isDeleted": false,
                  "locations": Array [],
                  "materials": Array [],
                  "museumId": 99,
                  "museumNo": "MusK314",
                  "objectData": Object {
                    "collection": 1,
                    "coordinates": Array [],
                    "id": 28,
                    "isDeleted": false,
                    "locations": Array [],
                    "materials": Array [],
                    "museumId": 99,
                    "museumNo": "MusK314",
                    "objectType": "collection",
                    "subNo": "b",
                    "term": "Runeskrift",
                    "uuid": "ba56a4f6-b907-4158-9a67-bca6080320bb",
                  },
                  "objectType": "collection",
                  "subNo": "b",
                  "term": "Runeskrift",
                  "uuid": "ba56a4f6-b907-4158-9a67-bca6080320bb",
                },
                Object {
                  "collection": 1,
                  "coordinates": Array [],
                  "id": 1,
                  "isDeleted": false,
                  "locations": Array [],
                  "mainObjectId": 1,
                  "materials": Array [],
                  "museumId": 99,
                  "museumNo": "MusK58",
                  "objectData": Object {
                    "collection": 1,
                    "coordinates": Array [],
                    "id": 1,
                    "isDeleted": false,
                    "locations": Array [],
                    "mainObjectId": 1,
                    "materials": Array [],
                    "museumId": 99,
                    "museumNo": "MusK58",
                    "objectType": "collection",
                    "subNo": "1",
                    "term": "Rar dings",
                    "uuid": "ad1b5287-0168-4343-b3df-a477de113bee",
                  },
                  "objectType": "collection",
                  "subNo": "1",
                  "term": "Rar dings",
                  "uuid": "ad1b5287-0168-4343-b3df-a477de113bee",
                },
                Object {
                  "collection": 1,
                  "coordinates": Array [],
                  "id": 2,
                  "isDeleted": false,
                  "locations": Array [],
                  "mainObjectId": 1,
                  "materials": Array [],
                  "museumId": 99,
                  "museumNo": "MusK58",
                  "objectData": Object {
                    "collection": 1,
                    "coordinates": Array [],
                    "id": 2,
                    "isDeleted": false,
                    "locations": Array [],
                    "mainObjectId": 1,
                    "materials": Array [],
                    "museumId": 99,
                    "museumNo": "MusK58",
                    "objectType": "collection",
                    "subNo": "2",
                    "term": "Mansjettknapp",
                    "uuid": "adea8141-8099-4f67-bff9-ea5090e18335",
                  },
                  "objectType": "collection",
                  "subNo": "2",
                  "term": "Mansjettknapp",
                  "uuid": "adea8141-8099-4f67-bff9-ea5090e18335",
                },
                Object {
                  "collection": 2,
                  "coordinates": Array [],
                  "id": 9,
                  "isDeleted": false,
                  "locations": Array [],
                  "materials": Array [],
                  "museumId": 99,
                  "museumNo": "MusN28",
                  "objectData": Object {
                    "collection": 2,
                    "coordinates": Array [],
                    "id": 9,
                    "isDeleted": false,
                    "locations": Array [],
                    "materials": Array [],
                    "museumId": 99,
                    "museumNo": "MusN28",
                    "objectType": "collection",
                    "term": "Tusenben",
                    "uuid": "1c9c91f5-127a-4baf-8c0e-ed37d53f944b",
                  },
                  "objectType": "collection",
                  "term": "Tusenben",
                  "uuid": "1c9c91f5-127a-4baf-8c0e-ed37d53f944b",
                },
                Object {
                  "collection": 2,
                  "coordinates": Array [],
                  "id": 8,
                  "isDeleted": false,
                  "locations": Array [],
                  "materials": Array [],
                  "museumId": 99,
                  "museumNo": "MusN37",
                  "objectData": Object {
                    "collection": 2,
                    "coordinates": Array [],
                    "id": 8,
                    "isDeleted": false,
                    "locations": Array [],
                    "materials": Array [],
                    "museumId": 99,
                    "museumNo": "MusN37",
                    "objectType": "collection",
                    "term": "Bendelorm",
                    "uuid": "41be3c71-a71b-486d-a265-c3a92672f4cf",
                  },
                  "objectType": "collection",
                  "term": "Bendelorm",
                  "uuid": "41be3c71-a71b-486d-a265-c3a92672f4cf",
                },
              ]
            }
            history={
              Object {
                "action": "REPLACE",
                "length": 47,
                "location": Object {
                  "hash": "",
                  "key": "rr5vfp",
                  "pathname": "/museum/99/collections/00000000-0000-0000-0000-000000000000/conservation/112",
                  "search": "",
                },
              }
            }
            viewMode={true}
          />
        </div>
      </div>
      <hr />
    </div>
    <div
      className="form-group"
    >
      <div
        className="col-md-12 col-md-offset-0"
      >
        <div
          className="btn btn-default btn-md"
          onClick={true}
          type="button"
        >
          Ekspander delhendelser
        </div>
      </div>
    </div>
    <hr />
    <button
      className="btn-link"
      style={
        Object {
          "marginLeft": 20,
        }
      }
    >
      Avbryt
    </button>
  </form>
</div>
`;
