// Jest Snapshot v1, https://goo.gl/fbAQLP

exports[`Logos should match snapshot 1`] = `
<div
  className="logos"
>
  <img
    alt="logo"
    src="UiS_nor_color_rgb.png"
    style={
      Object {
        "height": "60px",
      }
    }
  />
  <img
    alt="logo"
    src="UiO_SAMARB_rgb_gjennomsiktig.png"
    style={
      Object {
        "height": "60px",
      }
    }
  />
  <img
    alt="logo"
    src="UiT_samarbeidslogo_bokmal_300ppi.png"
    style={
      Object {
        "height": "60px",
      }
    }
  />
  <img
    alt="logo"
    src="UiBmerke_grayscale.png"
    style={
      Object {
        "height": "60px",
      }
    }
  />
  <img
    alt="logo"
    src="ntnu_u-slagord.png"
    style={
      Object {
        "height": "60px",
      }
    }
  />
</div>
`;
