// Jest Snapshot v1, https://goo.gl/fbAQLP

exports[`NotFound should match snapshot 1`] = `
<div
  className="container"
>
  <h1>
    Not found! 404!
  </h1>
  <p>
    The route you are looking for does not exist!
  </p>
</div>
`;
